pal1.bmp:
Dimensions (WxH): 127x64
Pixels Per Meter (XxY): 2835x2835
Bit Depth: 1
Bits Per Channel: B8.G8.R8.A0
Color mask:  PALETTE
Compression: NONE
Scan direction: BOTTOM-UP

pal4.bmp:
Dimensions (WxH): 127x64
Pixels Per Meter (XxY): 2835x2835
Bit Depth: 4
Bits Per Channel: B8.G8.R8.A0
Color mask:  PALETTE COLOR
Compression: NONE
Scan direction: BOTTOM-UP
