Dimensions (WxH): 32798x65536
Pixels Per Meter (XxY): 2835x2835
Bit Depth: 8
Bits Per Channel: B8.G8.R8.A0
Color mask:  PALETTE
Compression: RLE8
Scan direction: TOP-DOWN
