Dimensions (WxH): 808464432x808464432
Pixels Per Meter (XxY): 808464432x808464432
Bit Depth: 8
Bits Per Channel: B8.G8.R8.A0
Color mask:  PALETTE
Compression: RLE8
Scan direction: BOTTOM-UP
