Dimensions (WxH): 31x524320
Pixels Per Meter (XxY): 2835x2147483647
Bit Depth: 4
Bits Per Channel: B8.G8.R8.A0
Color mask:  PALETTE COLOR
Compression: RLE4
Scan direction: BOTTOM-UP
Color profile type: NONE
Color profile intent: NONE
