Dimensions (WxH): 31x720928
Pixels Per Meter (XxY): 51x102
Bit Depth: 8
Bits Per Channel: B8.G8.R8.A0
Color mask:  PALETTE COLOR
Compression: RLE8
Scan direction: BOTTOM-UP
