Dimensions (WxH): 983041x32
Bit Depth: 4
Bits Per Channel: B8.G8.R8.A0
Color mask:  PALETTE COLOR
Compression: RLE4
Scan direction: BOTTOM-UP
