Dimensions (WxH): 127x64
Bits Per Pixel: 8
Bits Per Channel: B8.G8.R8.A0
Color mask:  PALETTE COLOR
Compression: NONE
Scan direction: BOTTOM-UP
