Dimensions (WxH): 127x64
Pixels Per Meter (XxY): 2835x2835
Color Plane Count: 1
Bits Per Pixel: 24
Bits Per Channel: B8.G8.R8.A0
Color mask:  COLOR
Compression: NONE
Scan direction: BOTTOM-UP
