Dimensions (WxH): 127x64
Pixels Per Meter (XxY): 2835x2835
Bits Per Pixel: 32
Bits Per Channel: B7.G18.R7.A0
Color mask:  BITFIELDS COLOR
Bitfields: B:0x0000007F G:0x01FFFF80 R:0xFE000000 A:0x00000000
Compression: NONE
Scan direction: BOTTOM-UP
