Dimensions (WxH): 127x64
Pixels Per Meter (XxY): 2835x2835
Bit Depth: 32
Bits Per Channel: B10.G11.R11.A0
Color mask:  BITFIELDS COLOR
Bitfields: B:0x000003FF G:0x001FFC00 R:0xFFE00000 A:0x00000000
Compression: NONE
Scan direction: BOTTOM-UP
