Dimensions (WxH): 127x64
Pixels Per Meter (XxY): 2835x2835
Bit Depth: 16
Bits Per Channel: B5.G5.R5.A1
Color mask:  BITFIELDS COLOR ALPHA
Bitfields: B:0x0000001F G:0x000003E0 R:0x00007C00 A:0x00008000
Compression: NONE
Scan direction: BOTTOM-UP
Color profile type: sRGB
Color profile intent: PERCEPTUAL
