Dimensions (WxH): 127x64
Pixels Per Meter (XxY): 2835x2835
Bit Depth: 16
Bits Per Channel: B4.G4.R4.A4
Color mask:  BITFIELDS COLOR ALPHA
Bitfields: B:0x0000000F G:0x000000F0 R:0x00000F00 A:0x0000F000
Compression: NONE
Scan direction: BOTTOM-UP
