Dimensions (WxH): 127x64
Pixels Per Meter (XxY): 30000000x3
Color Plane Count: 1
Bits Per Pixel: 1
Bits Per Channel: B8.G8.R8.A0
Color mask:  PALETTE
Compression: NONE
Scan direction: BOTTOM-UP
