Dimensions (WxH): 4294967169x64
Pixels Per Meter (XxY): 2835x2835
Bit Depth: 1
Bits Per Channel: B8.G8.R8.A0
Color mask:  PALETTE
Compression: NONE
Scan direction: BOTTOM-UP
Color profile type: NONE
Color profile intent: NONE
