Dimensions (WxH): 3000000x2000000
Pixels Per Meter (XxY): 2835x2835
Bit Depth: 8
Bits Per Channel: B8.G8.R8.A0
Color mask:  COLOR
Compression: NONE
Scan direction: BOTTOM-UP
Color profile type: NONE
Color profile intent: NONE
