Dimensions (WxH): 127x64
Pixels Per Meter (XxY): 2835x2835
Bit Depth: 16
Bits Per Channel: B0.G8.R8.A0
Color mask:  BITFIELDS COLOR
Bitfields: B:0x00000000 G:0x000000FF R:0x0000FF00 A:0x00000000
Compression: NONE
Scan direction: BOTTOM-UP
Color profile type: NONE
Color profile intent: NONE
