Dimensions (WxH): 127x64
Pixels Per Meter (XxY): 2835x2835
Bits Per Pixel: 4
Bits Per Channel: B8.G8.R8.A0
Color mask:  PALETTE
Compression: NONE
Scan direction: BOTTOM-UP
