Dimensions (WxH): 127x64
Pixels Per Meter (XxY): 2835x2835
Bit Depth: 8
Bits Per Channel: B8.G8.R8.A0
Color mask:  PALETTE COLOR
Compression: NONE
Scan direction: BOTTOM-UP
Color profile type: sRGB
Color profile intent: PERCEPTUAL
