Dimensions (WxH): 127x64
Pixels Per Meter (XxY): 2835x2835
Color Plane Count: 1
Bits Per Pixel: 16
Bits Per Channel: B0.G8.R8.A0
Color mask:  COLOR
Compression: BITFIELDS B:0x00000000 G:0x000000FF R:0x0000FF00 A:0x00000000
Scan direction: BOTTOM-UP
